Compiling 2 files (.ex)


  1) test Index updates thread in listing (EngHubWeb.ThreadLiveTest)
     test/eng_hub_web/live/thread_live_test.exs:65
     Assertion with =~ failed
     code:  assert html =~ "Thread updated successfully"
     left:  "<div id=\"threads-app\" data-phx-session=\"SFMyNTY.g2gDaAJhBnQAAAAHdwJpZG0AAAALdGhyZWFkcy1hcHB3B3Nlc3Npb250AAAAA20AAAAPY3VycmVudF91c2VyX2lkbQAAABowMUtRRk5GVlAyMEZNMEpWOEpKWTNFUEROUG0AAAANbmVzdGVkX2FjdGlvbncHdGhyZWFkc20AAAANbmVzdGVkX3BhcmFtc3QAAAAAdwZyb3V0ZXJ3F0VsaXhpci5FbmdIdWJXZWIuUm91dGVydwpwYXJlbnRfcGlkWHcNbm9ub2RlQG5vaG9zdAAAAf0AAAAAAAAAAHcEdmlld3chRWxpeGlyLkVuZ0h1YldlYi5UaHJlYWRMaXZlLkluZGV4dwlyb290X3ZpZXd3HkVsaXhpci5FbmdIdWJXZWIuQXBwTGl2ZS5JbmRleHcIcm9vdF9waWRYdw1ub25vZGVAbm9ob3N0AAAB_QAAAAAAAAAAbgYA7u9X350BYgABUYA.g55sHpiplYsdh7HWzrJUPVsc6d4NHMsnMgWZeVv2IPA\" data-phx-static=\"\" data-phx-parent-id=\"phx-GKsxM5BASNu4fgUj\"><div class=\"h-full flex flex-col bg-base-100 relative\"><!-- Threads List View --><div class=\"p-6 border-b border-base-300 flex items-center justify-between shrink-0\"><div><h2 class=\"text-2xl font-black tracking-tight\">Listing Threads</h2><p class=\"text-base-content/60 text-sm mt-1\">Discover, ask, and learn from the community.</p></div><a href=\"/threads/new\" data-phx-link=\"redirect\" data-phx-link-state=\"push\" class=\"btn btn-primary btn-sm\"><span class=\"hero-plus w-4 h-4 mr-1\"></span>\n        New Thread\n      </a></div><div class=\"flex-1 overflow-y-auto p-6\"><div class=\"max-w-4xl mx-auto flex flex-col gap-4\"><div id=\"threads-01KQFNFVQ54WVWFV8RW4Z9EX7S\" class=\"p-5 border border-base-300 rounded-xl hover:border-primary/30 transition-colors bg-base-200/30 cursor-pointer group\"><div class=\"flex gap-4\"><div class=\"flex-1 min-w-0\"><div class=\"flex items-center gap-2 text-xs text-base-content/60 mb-2\"><span class=\"font-medium text-primary\">c/some updated category</span></div><a href=\"/threads/01KQFNFVQ54WVWFV8RW4Z9EX7S\" data-phx-link=\"redirect\" data-phx-link-state=\"push\" class=\"text-lg font-bold mb-2 group-hover:text-primary transition-colors block\">\n                  some updated title\n                </a><p class=\"text-sm text-base-content/80 line-clamp-2 mb-4 leading-relaxed\">\n                  some updated content\n                </p><div class=\"flex items-center gap-4 text-xs font-medium text-base-content/60\"><a href=\"/threads/01KQFNFVQ54WVWFV8RW4Z9EX7S/edit\" data-phx-link=\"redirect\" data-phx-link-state=\"push\" class=\"hover:text-base-content transition-colors\">Edit</a><button phx-click=\"delete\" phx-value-id=\"01KQFNFVQ54WVWFV8RW4Z9EX7S\" data-confirm=\"Are you sure?\" class=\"hover:text-red-500 transition-colors\">Delete</button></div></div></div></div></div></div><!-- Modal for New/Edit --></div></div>"
     right: "Thread updated successfully"
     stacktrace:
       test/eng_hub_web/live/thread_live_test.exs:90: (test)



  2) test Index saves new thread (EngHubWeb.ThreadLiveTest)
     test/eng_hub_web/live/thread_live_test.exs:34
     ** (ArgumentError) could not find non-disabled input, select or textarea with name "thread[project_id]" within:

     <input type="text" name="thread[title]" id="thread_title" value="" class="w-full input input-error"/><input type="text" name="thread[category]" id="thread_category" value="" class="w-full input input-error"/><textarea id="thread_content" name="thread[content]" class="w-full textarea textarea-error"></textarea>
     code: |> render_submit()
     stacktrace:
       (phoenix_live_view 1.1.25) lib/phoenix_live_view/test/live_view_test.ex:1169: Phoenix.LiveViewTest.call/2
       test/eng_hub_web/live/thread_live_test.exs:56: (test)



  3) test Show updates thread and returns to show (EngHubWeb.ThreadLiveTest)
     test/eng_hub_web/live/thread_live_test.exs:115
     Assertion with =~ failed
     code:  assert html =~ "Thread updated successfully"
     left:  "<div id=\"threads-app\" data-phx-session=\"SFMyNTY.g2gDaAJhBnQAAAAHdwJpZG0AAAALdGhyZWFkcy1hcHB3B3Nlc3Npb250AAAAA20AAAAPY3VycmVudF91c2VyX2lkbQAAABowMUtRRk5GVzBYU1M3NUdDQ1Q4WVhENzJIN20AAAANbmVzdGVkX2FjdGlvbncHdGhyZWFkc20AAAANbmVzdGVkX3BhcmFtc3QAAAAAdwZyb3V0ZXJ3F0VsaXhpci5FbmdIdWJXZWIuUm91dGVydwpwYXJlbnRfcGlkWHcNbm9ub2RlQG5vaG9zdAAAAhYAAAAAAAAAAHcEdmlld3chRWxpeGlyLkVuZ0h1YldlYi5UaHJlYWRMaXZlLkluZGV4dwlyb290X3ZpZXd3HkVsaXhpci5FbmdIdWJXZWIuQXBwTGl2ZS5JbmRleHcIcm9vdF9waWRYdw1ub25vZGVAbm9ob3N0AAACFgAAAAAAAAAAbgYASfBX350BYgABUYA.yAx4qwFZfCfp0J9ffx4mkM5cicclnLniRb9cJl9srn4\" data-phx-static=\"\" data-phx-parent-id=\"phx-GKsxM5X0vDDRQwKh\"><div class=\"h-full flex flex-col bg-base-100 relative\"><!-- Threads List View --><div class=\"p-6 border-b border-base-300 flex items-center justify-between shrink-0\"><div><h2 class=\"text-2xl font-black tracking-tight\">Listing Threads</h2><p class=\"text-base-content/60 text-sm mt-1\">Discover, ask, and learn from the community.</p></div><a href=\"/threads/new\" data-phx-link=\"redirect\" data-phx-link-state=\"push\" class=\"btn btn-primary btn-sm\"><span class=\"hero-plus w-4 h-4 mr-1\"></span>\n        New Thread\n      </a></div><div class=\"flex-1 overflow-y-auto p-6\"><div class=\"max-w-4xl mx-auto flex flex-col gap-4\"><div id=\"threads-01KQFNFW14EB17PTV97Q9G5E1S\" class=\"p-5 border border-base-300 rounded-xl hover:border-primary/30 transition-colors bg-base-200/30 cursor-pointer group\"><div class=\"flex gap-4\"><div class=\"flex-1 min-w-0\"><div class=\"flex items-center gap-2 text-xs text-base-content/60 mb-2\"><span class=\"font-medium text-primary\">c/some updated category</span></div><a href=\"/threads/01KQFNFW14EB17PTV97Q9G5E1S\" data-phx-link=\"redirect\" data-phx-link-state=\"push\" class=\"text-lg font-bold mb-2 group-hover:text-primary transition-colors block\">\n                  some updated title\n                </a><p class=\"text-sm text-base-content/80 line-clamp-2 mb-4 leading-relaxed\">\n                  some updated content\n                </p><div class=\"flex items-center gap-4 text-xs font-medium text-base-content/60\"><a href=\"/threads/01KQFNFW14EB17PTV97Q9G5E1S/edit\" data-phx-link=\"redirect\" data-phx-link-state=\"push\" class=\"hover:text-base-content transition-colors\">Edit</a><button phx-click=\"delete\" phx-value-id=\"01KQFNFW14EB17PTV97Q9G5E1S\" data-confirm=\"Are you sure?\" class=\"hover:text-red-500 transition-colors\">Delete</button></div></div></div></div></div></div><!-- Modal for New/Edit --></div></div>"
     right: "Thread updated successfully"
     stacktrace:
       test/eng_hub_web/live/thread_live_test.exs:140: (test)

...

  4) test Index updates project in listing (EngHubWeb.ProjectLiveTest)
     test/eng_hub_web/live/project_live_test.exs:57
     Assertion with =~ failed
     code:  assert html =~ "Project updated successfully"
     left:  "<div id=\"projects-app\" data-phx-session=\"SFMyNTY.g2gDaAJhBnQAAAAHdwJpZG0AAAAMcHJvamVjdHMtYXBwdwdzZXNzaW9udAAAAANtAAAAD2N1cnJlbnRfdXNlcl9pZG0AAAAaMDFLUUZORlc0S0FTTUtGR1dUOFk0UjIwMlZtAAAADW5lc3RlZF9hY3Rpb253CHByb2plY3RzbQAAAA1uZXN0ZWRfcGFyYW1zdAAAAAB3BnJvdXRlcncXRWxpeGlyLkVuZ0h1YldlYi5Sb3V0ZXJ3CnBhcmVudF9waWRYdw1ub25vZGVAbm9ob3N0AAACPgAAAAAAAAAAdwR2aWV3dyJFbGl4aXIuRW5nSHViV2ViLlByb2plY3RMaXZlLkluZGV4dwlyb290X3ZpZXd3HkVsaXhpci5FbmdIdWJXZWIuQXBwTGl2ZS5JbmRleHcIcm9vdF9waWRYdw1ub25vZGVAbm9ob3N0AAACPgAAAAAAAAAAbgYAufBX350BYgABUYA.eBzN91TLOvycVEbBtVi4QgFJ38h_8J_4d_bC7xjjroY\" data-phx-static=\"\" data-phx-parent-id=\"phx-GKsxM5y6sPeTggQh\"><div class=\"h-full flex flex-col bg-base-100 relative\"><!-- Projects List View --><div class=\"p-6 border-b border-base-300 flex items-center justify-between shrink-0\"><div><h2 class=\"text-2xl font-black tracking-tight\">Listing Projects</h2><p class=\"text-base-content/60 text-sm mt-1\">Manage and view your project spaces.</p></div><a href=\"/projects/new\" data-phx-link=\"redirect\" data-phx-link-state=\"push\" class=\"btn btn-primary btn-sm\"><span class=\"hero-plus w-4 h-4 mr-1\"></span>\n        New Project\n      </a></div><div class=\"flex-1 overflow-y-auto p-6\"><div class=\"max-w-4xl mx-auto flex flex-col gap-4\"><div id=\"projects-01KQFNFW4QK9NEMPWEAFF99ZH2\" class=\"p-5 border border-base-300 rounded-xl hover:border-primary/30 transition-colors bg-base-200/30 cursor-pointer group\"><div class=\"flex gap-4\"><div class=\"flex-1 min-w-0\"><a href=\"/projects/01KQFNFW4QK9NEMPWEAFF99ZH2\" data-phx-link=\"redirect\" data-phx-link-state=\"push\" class=\"text-lg font-bold mb-2 group-hover:text-primary transition-colors block\">\n                  some updated name\n                </a><p class=\"text-sm text-base-content/80 line-clamp-2 mb-4 leading-relaxed\">\n                  some updated description\n                </p><div class=\"flex items-center gap-4 text-xs font-medium text-base-content/60\"><a href=\"/projects/01KQFNFW4QK9NEMPWEAFF99ZH2/edit\" data-phx-link=\"redirect\" data-phx-link-state=\"push\" class=\"hover:text-base-content transition-colors\">Edit</a><button phx-click=\"delete\" phx-value-id=\"01KQFNFW4QK9NEMPWEAFF99ZH2\" data-confirm=\"Are you sure?\" class=\"hover:text-red-500 transition-colors\">Delete</button></div></div></div></div></div></div><!-- Modal for New/Edit --></div></div>"
     right: "Project updated successfully"
     stacktrace:
       test/eng_hub_web/live/project_live_test.exs:82: (test)



  5) test Index saves new project (EngHubWeb.ProjectLiveTest)
     test/eng_hub_web/live/project_live_test.exs:28
     Assertion with =~ failed
     code:  assert html =~ "Project created successfully"
     left:  "<div id=\"projects-app\" data-phx-session=\"SFMyNTY.g2gDaAJhBnQAAAAHdwJpZG0AAAAMcHJvamVjdHMtYXBwdwdzZXNzaW9udAAAAANtAAAAD2N1cnJlbnRfdXNlcl9pZG0AAAAaMDFLUUZORlc1WUMwRkM1VDBNQ0oxMVkyQUttAAAADW5lc3RlZF9hY3Rpb253CHByb2plY3RzbQAAAA1uZXN0ZWRfcGFyYW1zdAAAAAB3BnJvdXRlcncXRWxpeGlyLkVuZ0h1YldlYi5Sb3V0ZXJ3CnBhcmVudF9waWRYdw1ub25vZGVAbm9ob3N0AAACTAAAAAAAAAAAdwR2aWV3dyJFbGl4aXIuRW5nSHViV2ViLlByb2plY3RMaXZlLkluZGV4dwlyb290X3ZpZXd3HkVsaXhpci5FbmdIdWJXZWIuQXBwTGl2ZS5JbmRleHcIcm9vdF9waWRYdw1ub25vZGVAbm9ob3N0AAACTAAAAAAAAAAAbgYA5fBX350BYgABUYA.m1_adweGSD7ruuS7gk3gsE6rxHdTQwXM6zdk5dPPTT0\" data-phx-static=\"\" data-phx-parent-id=\"phx-GKsxM58Gmu9QiAZD\"><div class=\"h-full flex flex-col bg-base-100 relative\"><!-- Projects List View --><div class=\"p-6 border-b border-base-300 flex items-center justify-between shrink-0\"><div><h2 class=\"text-2xl font-black tracking-tight\">Listing Projects</h2><p class=\"text-base-content/60 text-sm mt-1\">Manage and view your project spaces.</p></div><a href=\"/projects/new\" data-phx-link=\"redirect\" data-phx-link-state=\"push\" class=\"btn btn-primary btn-sm\"><span class=\"hero-plus w-4 h-4 mr-1\"></span>\n        New Project\n      </a></div><div class=\"flex-1 overflow-y-auto p-6\"><div class=\"max-w-4xl mx-auto flex flex-col gap-4\"><div id=\"projects-01KQFNFW647PTE55NQ4J9YD8FT\" class=\"p-5 border border-base-300 rounded-xl hover:border-primary/30 transition-colors bg-base-200/30 cursor-pointer group\"><div class=\"flex gap-4\"><div class=\"flex-1 min-w-0\"><a href=\"/projects/01KQFNFW647PTE55NQ4J9YD8FT\" data-phx-link=\"redirect\" data-phx-link-state=\"push\" class=\"text-lg font-bold mb-2 group-hover:text-primary transition-colors block\">\n                  some name\n                </a><p class=\"text-sm text-base-content/80 line-clamp-2 mb-4 leading-relaxed\">\n                  some description\n                </p><div class=\"flex items-center gap-4 text-xs font-medium text-base-content/60\"><a href=\"/projects/01KQFNFW647PTE55NQ4J9YD8FT/edit\" data-phx-link=\"redirect\" data-phx-link-state=\"push\" class=\"hover:text-base-content transition-colors\">Edit</a><button phx-click=\"delete\" phx-value-id=\"01KQFNFW647PTE55NQ4J9YD8FT\" data-confirm=\"Are you sure?\" class=\"hover:text-red-500 transition-colors\">Delete</button></div></div></div></div><div id=\"projects-01KQFNFW6TXGVCVW4S49T1RPWM\" class=\"p-5 border border-base-300 rounded-xl hover:border-primary/30 transition-colors bg-base-200/30 cursor-pointer group\"><div class=\"flex gap-4\"><div class=\"flex-1 min-w-0\"><a href=\"/projects/01KQFNFW6TXGVCVW4S49T1RPWM\" data-phx-link=\"redirect\" data-phx-link-state=\"push\" class=\"text-lg font-bold mb-2 group-hover:text-primary transition-colors block\">\n                  some name\n                </a><p class=\"text-sm text-base-content/80 line-clamp-2 mb-4 leading-relaxed\">\n                  some description\n                </p><div class=\"flex items-center gap-4 text-xs font-medium text-base-content/60\"><a href=\"/projects/01KQFNFW6TXGVCVW4S49T1RPWM/edit\" data-phx-link=\"redirect\" data-phx-link-state=\"push\" class=\"hover:text-base-content transition-colors\">Edit</a><button phx-click=\"delete\" phx-value-id=\"01KQFNFW6TXGVCVW4S49T1RPWM\" data-confirm=\"Are you sure?\" class=\"hover:text-red-500 transition-colors\">Delete</button></div></div></div></div></div></div><!-- Modal for New/Edit --></div></div>"
     right: "Project created successfully"
     stacktrace:
       test/eng_hub_web/live/project_live_test.exs:53: (test)



  6) test Show updates project and returns to show (EngHubWeb.ProjectLiveTest)
     test/eng_hub_web/live/project_live_test.exs:107
     Assertion with =~ failed
     code:  assert html =~ "Project updated successfully"
     left:  "<div id=\"projects-app\" data-phx-session=\"SFMyNTY.g2gDaAJhBnQAAAAHdwJpZG0AAAAMcHJvamVjdHMtYXBwdwdzZXNzaW9udAAAAANtAAAAD2N1cnJlbnRfdXNlcl9pZG0AAAAaMDFLUUZORlc3ODZZN1FGNjE3RTc2U0RIUkNtAAAADW5lc3RlZF9hY3Rpb253CHByb2plY3RzbQAAAA1uZXN0ZWRfcGFyYW1zdAAAAAB3BnJvdXRlcncXRWxpeGlyLkVuZ0h1YldlYi5Sb3V0ZXJ3CnBhcmVudF9waWRYdw1ub25vZGVAbm9ob3N0AAACWgAAAAAAAAAAdwR2aWV3dyJFbGl4aXIuRW5nSHViV2ViLlByb2plY3RMaXZlLkluZGV4dwlyb290X3ZpZXd3HkVsaXhpci5FbmdIdWJXZWIuQXBwTGl2ZS5JbmRleHcIcm9vdF9waWRYdw1ub25vZGVAbm9ob3N0AAACWgAAAAAAAAAAbgYABvFX350BYgABUYA.mrYzGkwEjxTnYehGydJbJstoRCJawQ3y3vy7YT9GzKE\" data-phx-static=\"\" data-phx-parent-id=\"phx-GKsxM6EWCl0KxwTi\"><div class=\"h-full flex flex-col bg-base-100 relative\"><!-- Projects List View --><div class=\"p-6 border-b border-base-300 flex items-center justify-between shrink-0\"><div><h2 class=\"text-2xl font-black tracking-tight\">Listing Projects</h2><p class=\"text-base-content/60 text-sm mt-1\">Manage and view your project spaces.</p></div><a href=\"/projects/new\" data-phx-link=\"redirect\" data-phx-link-state=\"push\" class=\"btn btn-primary btn-sm\"><span class=\"hero-plus w-4 h-4 mr-1\"></span>\n        New Project\n      </a></div><div class=\"flex-1 overflow-y-auto p-6\"><div class=\"max-w-4xl mx-auto flex flex-col gap-4\"><div id=\"projects-01KQFNFW79BNG18RAYT99YJ11S\" class=\"p-5 border border-base-300 rounded-xl hover:border-primary/30 transition-colors bg-base-200/30 cursor-pointer group\"><div class=\"flex gap-4\"><div class=\"flex-1 min-w-0\"><a href=\"/projects/01KQFNFW79BNG18RAYT99YJ11S\" data-phx-link=\"redirect\" data-phx-link-state=\"push\" class=\"text-lg font-bold mb-2 group-hover:text-primary transition-colors block\">\n                  some updated name\n                </a><p class=\"text-sm text-base-content/80 line-clamp-2 mb-4 leading-relaxed\">\n                  some updated description\n                </p><div class=\"flex items-center gap-4 text-xs font-medium text-base-content/60\"><a href=\"/projects/01KQFNFW79BNG18RAYT99YJ11S/edit\" data-phx-link=\"redirect\" data-phx-link-state=\"push\" class=\"hover:text-base-content transition-colors\">Edit</a><button phx-click=\"delete\" phx-value-id=\"01KQFNFW79BNG18RAYT99YJ11S\" data-confirm=\"Are you sure?\" class=\"hover:text-red-500 transition-colors\">Delete</button></div></div></div></div></div></div><!-- Modal for New/Edit --></div></div>"
     right: "Project updated successfully"
     stacktrace:
       test/eng_hub_web/live/project_live_test.exs:132: (test)

...
Finished in 0.9 seconds (0.00s async, 0.9s sync)
12 tests, 6 failures

Randomized with seed 825475
